// Jest Snapshot v1, https://goo.gl/fbAQLP

exports[`renders component correctly 1`] = `
Object {
  "asFragment": [Function],
  "baseElement": <body>
    <div>
      <div
        class="Contact"
      >
        <div
          class="contact-text"
        >
          <h3>
            Get notified when we update!
          </h3>
          <div>
            Get notified when we add new items to our specials menu, update our price list when we have promos!
          </div>
        </div>
        <div
          class="contact-input"
        >
          <input
            class="contact-input-box"
            placeholder="randomuser@gmail.com"
            type="email"
          />
          <button
            class="contact-submit-btn"
          >
            Get notified
          </button>
        </div>
      </div>
    </div>
  </body>,
  "container": <div>
    <div
      class="Contact"
    >
      <div
        class="contact-text"
      >
        <h3>
          Get notified when we update!
        </h3>
        <div>
          Get notified when we add new items to our specials menu, update our price list when we have promos!
        </div>
      </div>
      <div
        class="contact-input"
      >
        <input
          class="contact-input-box"
          placeholder="randomuser@gmail.com"
          type="email"
        />
        <button
          class="contact-submit-btn"
        >
          Get notified
        </button>
      </div>
    </div>
  </div>,
  "debug": [Function],
  "findAllByAltText": [Function],
  "findAllByDisplayValue": [Function],
  "findAllByLabelText": [Function],
  "findAllByPlaceholderText": [Function],
  "findAllByRole": [Function],
  "findAllByTestId": [Function],
  "findAllByText": [Function],
  "findAllByTitle": [Function],
  "findByAltText": [Function],
  "findByDisplayValue": [Function],
  "findByLabelText": [Function],
  "findByPlaceholderText": [Function],
  "findByRole": [Function],
  "findByTestId": [Function],
  "findByText": [Function],
  "findByTitle": [Function],
  "getAllByAltText": [Function],
  "getAllByDisplayValue": [Function],
  "getAllByLabelText": [Function],
  "getAllByPlaceholderText": [Function],
  "getAllByRole": [Function],
  "getAllByTestId": [Function],
  "getAllByText": [Function],
  "getAllByTitle": [Function],
  "getByAltText": [Function],
  "getByDisplayValue": [Function],
  "getByLabelText": [Function],
  "getByPlaceholderText": [Function],
  "getByRole": [Function],
  "getByTestId": [Function],
  "getByText": [Function],
  "getByTitle": [Function],
  "queryAllByAltText": [Function],
  "queryAllByDisplayValue": [Function],
  "queryAllByLabelText": [Function],
  "queryAllByPlaceholderText": [Function],
  "queryAllByRole": [Function],
  "queryAllByTestId": [Function],
  "queryAllByText": [Function],
  "queryAllByTitle": [Function],
  "queryByAltText": [Function],
  "queryByDisplayValue": [Function],
  "queryByLabelText": [Function],
  "queryByPlaceholderText": [Function],
  "queryByRole": [Function],
  "queryByTestId": [Function],
  "queryByText": [Function],
  "queryByTitle": [Function],
  "rerender": [Function],
  "unmount": [Function],
}
`;
