// Jest Snapshot v1, https://goo.gl/fbAQLP

exports[`renders component correctly 1`] = `
Object {
  "asFragment": [Function],
  "baseElement": <body>
    <div>
      <div
        class="Dashboard"
      >
        <div
          class="dashboard-header"
        >
          <div
            class="dashboard-header-welcome"
          >
            <h3>
              Good morning, 
              !
            </h3>
            <div>
              What delicious meal are you craving today?
            </div>
          </div>
          <img
            alt="Profile"
            src="Avatar.jpg"
          />
        </div>
        <div
          class="dashboard-body"
        >
          <div
            class="dashboard-image"
          >
            <div
              class="ImageComp"
            >
              <img
                alt=""
                src="img4.png"
              />
              <h3>
                Burger
              </h3>
              <p>
                A hot burger made from the rarest of meats
              </p>
              <div
                class="price-and-cart"
              >
                <div
                  class="price"
                >
                  #
                  1000
                </div>
                <div
                  class="add-to-cart"
                >
                  <button>
                    Add to cart
                  </button>
                </div>
              </div>
              <div
                class="Toastify"
              />
            </div>
          </div>
          <div
            class="dashboard-image"
          >
            <div
              class="ImageComp"
            >
              <img
                alt=""
                src="img2.png"
              />
              <h3>
                StirFry Spaghetti
              </h3>
              <p>
                In House Spaghetti made by our best chef
              </p>
              <div
                class="price-and-cart"
              >
                <div
                  class="price"
                >
                  #
                  3000
                </div>
                <div
                  class="add-to-cart"
                >
                  <button>
                    Add to cart
                  </button>
                </div>
              </div>
              <div
                class="Toastify"
              />
            </div>
          </div>
          <div
            class="dashboard-image"
          >
            <div
              class="ImageComp"
            >
              <img
                alt=""
                src="img3.png"
              />
              <h3>
                MeatBalls
              </h3>
              <p>
                Who doesn't love meat with some balls
              </p>
              <div
                class="price-and-cart"
              >
                <div
                  class="price"
                >
                  #
                  5000
                </div>
                <div
                  class="add-to-cart"
                >
                  <button>
                    Add to cart
                  </button>
                </div>
              </div>
              <div
                class="Toastify"
              />
            </div>
          </div>
          <div
            class="dashboard-image"
          >
            <div
              class="ImageComp"
            >
              <img
                alt=""
                src="img1.png"
              />
              <h3>
                Daily special
              </h3>
              <p>
                The day's special meal, in a delicious package
              </p>
              <div
                class="price-and-cart"
              >
                <div
                  class="price"
                >
                  #
                  4000
                </div>
                <div
                  class="add-to-cart"
                >
                  <button>
                    Add to cart
                  </button>
                </div>
              </div>
              <div
                class="Toastify"
              />
            </div>
          </div>
          <div
            class="dashboard-image"
          >
            <div
              class="ImageComp"
            >
              <img
                alt=""
                src="img2.png"
              />
              <h3>
                Banana Delicacy
              </h3>
              <p>
                Bananas wrapped in royal goodness
              </p>
              <div
                class="price-and-cart"
              >
                <div
                  class="price"
                >
                  #
                  1500
                </div>
                <div
                  class="add-to-cart"
                >
                  <button>
                    Add to cart
                  </button>
                </div>
              </div>
              <div
                class="Toastify"
              />
            </div>
          </div>
        </div>
      </div>
    </div>
  </body>,
  "container": <div>
    <div
      class="Dashboard"
    >
      <div
        class="dashboard-header"
      >
        <div
          class="dashboard-header-welcome"
        >
          <h3>
            Good morning, 
            !
          </h3>
          <div>
            What delicious meal are you craving today?
          </div>
        </div>
        <img
          alt="Profile"
          src="Avatar.jpg"
        />
      </div>
      <div
        class="dashboard-body"
      >
        <div
          class="dashboard-image"
        >
          <div
            class="ImageComp"
          >
            <img
              alt=""
              src="img4.png"
            />
            <h3>
              Burger
            </h3>
            <p>
              A hot burger made from the rarest of meats
            </p>
            <div
              class="price-and-cart"
            >
              <div
                class="price"
              >
                #
                1000
              </div>
              <div
                class="add-to-cart"
              >
                <button>
                  Add to cart
                </button>
              </div>
            </div>
            <div
              class="Toastify"
            />
          </div>
        </div>
        <div
          class="dashboard-image"
        >
          <div
            class="ImageComp"
          >
            <img
              alt=""
              src="img2.png"
            />
            <h3>
              StirFry Spaghetti
            </h3>
            <p>
              In House Spaghetti made by our best chef
            </p>
            <div
              class="price-and-cart"
            >
              <div
                class="price"
              >
                #
                3000
              </div>
              <div
                class="add-to-cart"
              >
                <button>
                  Add to cart
                </button>
              </div>
            </div>
            <div
              class="Toastify"
            />
          </div>
        </div>
        <div
          class="dashboard-image"
        >
          <div
            class="ImageComp"
          >
            <img
              alt=""
              src="img3.png"
            />
            <h3>
              MeatBalls
            </h3>
            <p>
              Who doesn't love meat with some balls
            </p>
            <div
              class="price-and-cart"
            >
              <div
                class="price"
              >
                #
                5000
              </div>
              <div
                class="add-to-cart"
              >
                <button>
                  Add to cart
                </button>
              </div>
            </div>
            <div
              class="Toastify"
            />
          </div>
        </div>
        <div
          class="dashboard-image"
        >
          <div
            class="ImageComp"
          >
            <img
              alt=""
              src="img1.png"
            />
            <h3>
              Daily special
            </h3>
            <p>
              The day's special meal, in a delicious package
            </p>
            <div
              class="price-and-cart"
            >
              <div
                class="price"
              >
                #
                4000
              </div>
              <div
                class="add-to-cart"
              >
                <button>
                  Add to cart
                </button>
              </div>
            </div>
            <div
              class="Toastify"
            />
          </div>
        </div>
        <div
          class="dashboard-image"
        >
          <div
            class="ImageComp"
          >
            <img
              alt=""
              src="img2.png"
            />
            <h3>
              Banana Delicacy
            </h3>
            <p>
              Bananas wrapped in royal goodness
            </p>
            <div
              class="price-and-cart"
            >
              <div
                class="price"
              >
                #
                1500
              </div>
              <div
                class="add-to-cart"
              >
                <button>
                  Add to cart
                </button>
              </div>
            </div>
            <div
              class="Toastify"
            />
          </div>
        </div>
      </div>
    </div>
  </div>,
  "debug": [Function],
  "findAllByAltText": [Function],
  "findAllByDisplayValue": [Function],
  "findAllByLabelText": [Function],
  "findAllByPlaceholderText": [Function],
  "findAllByRole": [Function],
  "findAllByTestId": [Function],
  "findAllByText": [Function],
  "findAllByTitle": [Function],
  "findByAltText": [Function],
  "findByDisplayValue": [Function],
  "findByLabelText": [Function],
  "findByPlaceholderText": [Function],
  "findByRole": [Function],
  "findByTestId": [Function],
  "findByText": [Function],
  "findByTitle": [Function],
  "getAllByAltText": [Function],
  "getAllByDisplayValue": [Function],
  "getAllByLabelText": [Function],
  "getAllByPlaceholderText": [Function],
  "getAllByRole": [Function],
  "getAllByTestId": [Function],
  "getAllByText": [Function],
  "getAllByTitle": [Function],
  "getByAltText": [Function],
  "getByDisplayValue": [Function],
  "getByLabelText": [Function],
  "getByPlaceholderText": [Function],
  "getByRole": [Function],
  "getByTestId": [Function],
  "getByText": [Function],
  "getByTitle": [Function],
  "queryAllByAltText": [Function],
  "queryAllByDisplayValue": [Function],
  "queryAllByLabelText": [Function],
  "queryAllByPlaceholderText": [Function],
  "queryAllByRole": [Function],
  "queryAllByTestId": [Function],
  "queryAllByText": [Function],
  "queryAllByTitle": [Function],
  "queryByAltText": [Function],
  "queryByDisplayValue": [Function],
  "queryByLabelText": [Function],
  "queryByPlaceholderText": [Function],
  "queryByRole": [Function],
  "queryByTestId": [Function],
  "queryByText": [Function],
  "queryByTitle": [Function],
  "rerender": [Function],
  "unmount": [Function],
}
`;
